<!DOCTYPE html>
<html>
  <head>
    <title>Receipt</title>
    <style>
      table, td, th { border : 1px solid black; }
      table { margin-bottom: 10px; margin-top: 10px;}
      th { padding : 13px; }
      td { padding : 15px; }
    </style>
  </head>
  <body>
        <table>
      <tr>
        <th>Discount description</th>
        <th>Discount value (EUR)</th>
      </tr>
      <tr>
        <td>3 for 2</td>
        <td>-0.99</td>
      </tr>
    </table>
    <p>Total: -0.99</p>
  </body>
</html>
