<!DOCTYPE html>
<html>
  <head>
    <title>Receipt</title>
    <style>
      table, td, th { border : 1px solid black; }
      table { margin-bottom: 10px; margin-top: 10px;}
      th { padding : 13px; }
      td { padding : 15px; }
    </style>
  </head>
  <body>
    <table>
      <tr>
        <th>Product name</th>
        <th>Unit price (EUR)</th>
        <th>Quantity</th>
        <th>Total price (EUR)</th>
      </tr>
      <tr>
        <td>apples</td>
        <td>1.99</td>
        <td>2.300</td>
        <td>4.58</td>
      </tr>
    </table>
    <p>Total: 4.58</p>
  </body>
</html>
